// Jest Snapshot v1, https://goo.gl/fbAQLP

exports[`mergeThemes can merge 2 themes 1`] = `
Object {
  "stylesheets": Array [],
  "tokens": Object {
    "body": Object {
      "fill": "red",
      "text": "white",
    },
  },
}
`;
