// Jest Snapshot v1, https://goo.gl/fbAQLP

exports[`ThemeProvider can apply body theme to body 1`] = `
<body
  class=

      {
        --body-fontFamily: 'Segoe UI', 'Segoe UI Web (West European)', 'Segoe UI', -apple-system, BlinkMacSystemFont, 'Roboto', 'Helvetica Neue', sans-serif;
        --body-fontSize: 14px;
        --body-fontWeight: 400;
        --body-mozOsxFontSmoothing: grayscale;
        --body-webkitFontSmoothing: antialiased;
        --color-body-background: black;
        --color-body-contentColor: white;
        --color-brand-background: #0078d4;
        --color-brand-borderColor: transparent;
        --color-brand-checked-background: #005a9e;
        --color-brand-checked-contentColor: #ffffff;
        --color-brand-checked-iconColor: #ffffff;
        --color-brand-checkedHovered-background: #005a9e;
        --color-brand-checkedHovered-contentColor: #ffffff;
        --color-brand-checkedHovered-iconColor: #ffffff;
        --color-brand-contentColor: #ffffff;
        --color-brand-disabled-background: #f3f2f1;
        --color-brand-disabled-borderColor: #f3f2f1;
        --color-brand-disabled-contentColor: #a19f9d;
        --color-brand-disabled-dividerColor: #c8c6c4;
        --color-brand-disabled-iconColor: #a19f9d;
        --color-brand-disabled-secondaryContentColor: #a19f9d;
        --color-brand-dividerColor: #ffffff;
        --color-brand-focused-background: #0078d4;
        --color-brand-focused-borderColor: transparent;
        --color-brand-focused-contentColor: #ffffff;
        --color-brand-focused-iconColor: #ffffff;
        --color-brand-focused-secondaryContentColor: #ffffff;
        --color-brand-hovered-background: #106ebe;
        --color-brand-hovered-borderColor: transparent;
        --color-brand-hovered-contentColor: #ffffff;
        --color-brand-hovered-secondaryContentColor: #ffffff;
        --color-brand-iconColor: #ffffff;
        --color-brand-pressed-background: #005a9e;
        --color-brand-pressed-borderColor: transparent;
        --color-brand-pressed-contentColor: #ffffff;
        --color-brand-pressed-iconColor: #ffffff;
        --color-brand-pressed-secondaryContentColor: #ffffff;
        --color-brand-secondaryContentColor: #ffffff;
        --text-variant-body-fontSize: 14px;
        --text-variant-body-fontWeight: 400;
        --text-variant-body-lineHeight: 20px;
        --text-variant-caption-fontSize: 12px;
        --text-variant-caption-fontWeight: 400;
        --text-variant-caption-lineHeight: 14px;
        --text-variant-display-fontSize: 68px;
        --text-variant-display-fontWeight: 600;
        --text-variant-display-lineHeight: 92px;
        --text-variant-headline-fontSize: 20px;
        --text-variant-headline-fontWeight: 600;
        --text-variant-headline-lineHeight: 28px;
        --text-variant-largeTitle-fontSize: 40px;
        --text-variant-largeTitle-fontWeight: 600;
        --text-variant-largeTitle-lineHeight: 52px;
        --text-variant-subHeadline-fontSize: 16px;
        --text-variant-subHeadline-fontWeight: 600;
        --text-variant-subHeadline-lineHeight: 22px;
        --text-variant-title1-fontSize: 32px;
        --text-variant-title1-fontWeight: 600;
        --text-variant-title1-lineHeight: 40px;
        --text-variant-title2-fontSize: 28px;
        --text-variant-title2-fontWeight: 600;
        --text-variant-title2-lineHeight: 36px;
        --text-variant-title3-fontSize: 24px;
        --text-variant-title3-fontWeight: 600;
        --text-variant-title3-lineHeight: 32px;
      }
      {
        -moz-osx-font-smoothing: grayscale;
        -webkit-font-smoothing: antialiased;
        background: black;
        color: white;
        font-family: 'Segoe UI', 'Segoe UI Web (West European)', 'Segoe UI', -apple-system, BlinkMacSystemFont, 'Roboto', 'Helvetica Neue', sans-serif;
        font-size: 14px;
        font-weight: 400;
      }
/>
`;

exports[`ThemeProvider can apply body theme to body 2`] = `
<div
  className=
      foo
      {
        --body-fontFamily: 'Segoe UI', 'Segoe UI Web (West European)', 'Segoe UI', -apple-system, BlinkMacSystemFont, 'Roboto', 'Helvetica Neue', sans-serif;
        --body-fontSize: 14px;
        --body-fontWeight: 400;
        --body-mozOsxFontSmoothing: grayscale;
        --body-webkitFontSmoothing: antialiased;
        --color-body-background: black;
        --color-body-contentColor: white;
        --color-brand-background: #0078d4;
        --color-brand-borderColor: transparent;
        --color-brand-checked-background: #005a9e;
        --color-brand-checked-contentColor: #ffffff;
        --color-brand-checked-iconColor: #ffffff;
        --color-brand-checkedHovered-background: #005a9e;
        --color-brand-checkedHovered-contentColor: #ffffff;
        --color-brand-checkedHovered-iconColor: #ffffff;
        --color-brand-contentColor: #ffffff;
        --color-brand-disabled-background: #f3f2f1;
        --color-brand-disabled-borderColor: #f3f2f1;
        --color-brand-disabled-contentColor: #a19f9d;
        --color-brand-disabled-dividerColor: #c8c6c4;
        --color-brand-disabled-iconColor: #a19f9d;
        --color-brand-disabled-secondaryContentColor: #a19f9d;
        --color-brand-dividerColor: #ffffff;
        --color-brand-focused-background: #0078d4;
        --color-brand-focused-borderColor: transparent;
        --color-brand-focused-contentColor: #ffffff;
        --color-brand-focused-iconColor: #ffffff;
        --color-brand-focused-secondaryContentColor: #ffffff;
        --color-brand-hovered-background: #106ebe;
        --color-brand-hovered-borderColor: transparent;
        --color-brand-hovered-contentColor: #ffffff;
        --color-brand-hovered-secondaryContentColor: #ffffff;
        --color-brand-iconColor: #ffffff;
        --color-brand-pressed-background: #005a9e;
        --color-brand-pressed-borderColor: transparent;
        --color-brand-pressed-contentColor: #ffffff;
        --color-brand-pressed-iconColor: #ffffff;
        --color-brand-pressed-secondaryContentColor: #ffffff;
        --color-brand-secondaryContentColor: #ffffff;
        --text-variant-body-fontSize: 14px;
        --text-variant-body-fontWeight: 400;
        --text-variant-body-lineHeight: 20px;
        --text-variant-caption-fontSize: 12px;
        --text-variant-caption-fontWeight: 400;
        --text-variant-caption-lineHeight: 14px;
        --text-variant-display-fontSize: 68px;
        --text-variant-display-fontWeight: 600;
        --text-variant-display-lineHeight: 92px;
        --text-variant-headline-fontSize: 20px;
        --text-variant-headline-fontWeight: 600;
        --text-variant-headline-lineHeight: 28px;
        --text-variant-largeTitle-fontSize: 40px;
        --text-variant-largeTitle-fontWeight: 600;
        --text-variant-largeTitle-lineHeight: 52px;
        --text-variant-subHeadline-fontSize: 16px;
        --text-variant-subHeadline-fontWeight: 600;
        --text-variant-subHeadline-lineHeight: 22px;
        --text-variant-title1-fontSize: 32px;
        --text-variant-title1-fontWeight: 600;
        --text-variant-title1-lineHeight: 40px;
        --text-variant-title2-fontSize: 28px;
        --text-variant-title2-fontWeight: 600;
        --text-variant-title2-lineHeight: 36px;
        --text-variant-title3-fontSize: 24px;
        --text-variant-title3-fontWeight: 600;
        --text-variant-title3-lineHeight: 32px;
      }
>
  app
</div>
`;

exports[`ThemeProvider can apply body theme to none 1`] = `
<div
  className=
      foo
      {
        --body-fontFamily: 'Segoe UI', 'Segoe UI Web (West European)', 'Segoe UI', -apple-system, BlinkMacSystemFont, 'Roboto', 'Helvetica Neue', sans-serif;
        --body-fontSize: 14px;
        --body-fontWeight: 400;
        --body-mozOsxFontSmoothing: grayscale;
        --body-webkitFontSmoothing: antialiased;
        --color-body-background: black;
        --color-body-contentColor: white;
        --color-brand-background: #0078d4;
        --color-brand-borderColor: transparent;
        --color-brand-checked-background: #005a9e;
        --color-brand-checked-contentColor: #ffffff;
        --color-brand-checked-iconColor: #ffffff;
        --color-brand-checkedHovered-background: #005a9e;
        --color-brand-checkedHovered-contentColor: #ffffff;
        --color-brand-checkedHovered-iconColor: #ffffff;
        --color-brand-contentColor: #ffffff;
        --color-brand-disabled-background: #f3f2f1;
        --color-brand-disabled-borderColor: #f3f2f1;
        --color-brand-disabled-contentColor: #a19f9d;
        --color-brand-disabled-dividerColor: #c8c6c4;
        --color-brand-disabled-iconColor: #a19f9d;
        --color-brand-disabled-secondaryContentColor: #a19f9d;
        --color-brand-dividerColor: #ffffff;
        --color-brand-focused-background: #0078d4;
        --color-brand-focused-borderColor: transparent;
        --color-brand-focused-contentColor: #ffffff;
        --color-brand-focused-iconColor: #ffffff;
        --color-brand-focused-secondaryContentColor: #ffffff;
        --color-brand-hovered-background: #106ebe;
        --color-brand-hovered-borderColor: transparent;
        --color-brand-hovered-contentColor: #ffffff;
        --color-brand-hovered-secondaryContentColor: #ffffff;
        --color-brand-iconColor: #ffffff;
        --color-brand-pressed-background: #005a9e;
        --color-brand-pressed-borderColor: transparent;
        --color-brand-pressed-contentColor: #ffffff;
        --color-brand-pressed-iconColor: #ffffff;
        --color-brand-pressed-secondaryContentColor: #ffffff;
        --color-brand-secondaryContentColor: #ffffff;
        --text-variant-body-fontSize: 14px;
        --text-variant-body-fontWeight: 400;
        --text-variant-body-lineHeight: 20px;
        --text-variant-caption-fontSize: 12px;
        --text-variant-caption-fontWeight: 400;
        --text-variant-caption-lineHeight: 14px;
        --text-variant-display-fontSize: 68px;
        --text-variant-display-fontWeight: 600;
        --text-variant-display-lineHeight: 92px;
        --text-variant-headline-fontSize: 20px;
        --text-variant-headline-fontWeight: 600;
        --text-variant-headline-lineHeight: 28px;
        --text-variant-largeTitle-fontSize: 40px;
        --text-variant-largeTitle-fontWeight: 600;
        --text-variant-largeTitle-lineHeight: 52px;
        --text-variant-subHeadline-fontSize: 16px;
        --text-variant-subHeadline-fontWeight: 600;
        --text-variant-subHeadline-lineHeight: 22px;
        --text-variant-title1-fontSize: 32px;
        --text-variant-title1-fontWeight: 600;
        --text-variant-title1-lineHeight: 40px;
        --text-variant-title2-fontSize: 28px;
        --text-variant-title2-fontWeight: 600;
        --text-variant-title2-lineHeight: 36px;
        --text-variant-title3-fontSize: 24px;
        --text-variant-title3-fontWeight: 600;
        --text-variant-title3-lineHeight: 32px;
      }
>
  app
</div>
`;

exports[`ThemeProvider can handle a partial theme 1`] = `
<div
  className=

      {
        --body-fontFamily: 'Segoe UI', 'Segoe UI Web (West European)', 'Segoe UI', -apple-system, BlinkMacSystemFont, 'Roboto', 'Helvetica Neue', sans-serif;
        --body-fontSize: 14px;
        --body-fontWeight: 400;
        --body-mozOsxFontSmoothing: grayscale;
        --body-webkitFontSmoothing: antialiased;
        --color-body-background: #ffffff;
        --color-body-contentColor: #323130;
        --color-brand-background: #0078d4;
        --color-brand-borderColor: transparent;
        --color-brand-checked-background: #005a9e;
        --color-brand-checked-contentColor: #ffffff;
        --color-brand-checked-iconColor: #ffffff;
        --color-brand-checkedHovered-background: #005a9e;
        --color-brand-checkedHovered-contentColor: #ffffff;
        --color-brand-checkedHovered-iconColor: #ffffff;
        --color-brand-contentColor: #ffffff;
        --color-brand-disabled-background: #f3f2f1;
        --color-brand-disabled-borderColor: #f3f2f1;
        --color-brand-disabled-contentColor: #a19f9d;
        --color-brand-disabled-dividerColor: #c8c6c4;
        --color-brand-disabled-iconColor: #a19f9d;
        --color-brand-disabled-secondaryContentColor: #a19f9d;
        --color-brand-dividerColor: #ffffff;
        --color-brand-focused-background: #0078d4;
        --color-brand-focused-borderColor: transparent;
        --color-brand-focused-contentColor: #ffffff;
        --color-brand-focused-iconColor: #ffffff;
        --color-brand-focused-secondaryContentColor: #ffffff;
        --color-brand-hovered-background: #106ebe;
        --color-brand-hovered-borderColor: transparent;
        --color-brand-hovered-contentColor: #ffffff;
        --color-brand-hovered-secondaryContentColor: #ffffff;
        --color-brand-iconColor: #ffffff;
        --color-brand-pressed-background: #005a9e;
        --color-brand-pressed-borderColor: transparent;
        --color-brand-pressed-contentColor: #ffffff;
        --color-brand-pressed-iconColor: #ffffff;
        --color-brand-pressed-secondaryContentColor: #ffffff;
        --color-brand-secondaryContentColor: #ffffff;
        --foo-background: red;
        --text-variant-body-fontSize: 14px;
        --text-variant-body-fontWeight: 400;
        --text-variant-body-lineHeight: 20px;
        --text-variant-caption-fontSize: 12px;
        --text-variant-caption-fontWeight: 400;
        --text-variant-caption-lineHeight: 14px;
        --text-variant-display-fontSize: 68px;
        --text-variant-display-fontWeight: 600;
        --text-variant-display-lineHeight: 92px;
        --text-variant-headline-fontSize: 20px;
        --text-variant-headline-fontWeight: 600;
        --text-variant-headline-lineHeight: 28px;
        --text-variant-largeTitle-fontSize: 40px;
        --text-variant-largeTitle-fontWeight: 600;
        --text-variant-largeTitle-lineHeight: 52px;
        --text-variant-subHeadline-fontSize: 16px;
        --text-variant-subHeadline-fontWeight: 600;
        --text-variant-subHeadline-lineHeight: 22px;
        --text-variant-title1-fontSize: 32px;
        --text-variant-title1-fontWeight: 600;
        --text-variant-title1-lineHeight: 40px;
        --text-variant-title2-fontSize: 28px;
        --text-variant-title2-fontWeight: 600;
        --text-variant-title2-lineHeight: 36px;
        --text-variant-title3-fontSize: 24px;
        --text-variant-title3-fontWeight: 600;
        --text-variant-title3-lineHeight: 32px;
      }
      {
        -moz-osx-font-smoothing: grayscale;
        -webkit-font-smoothing: antialiased;
        background: #ffffff;
        color: #323130;
        font-family: 'Segoe UI', 'Segoe UI Web (West European)', 'Segoe UI', -apple-system, BlinkMacSystemFont, 'Roboto', 'Helvetica Neue', sans-serif;
        font-size: 14px;
        font-weight: 400;
      }
>
  Hello
</div>
`;

exports[`ThemeProvider renders a div 1`] = `
<div
  className=

      {
        --body-fontFamily: 'Segoe UI', 'Segoe UI Web (West European)', 'Segoe UI', -apple-system, BlinkMacSystemFont, 'Roboto', 'Helvetica Neue', sans-serif;
        --body-fontSize: 14px;
        --body-fontWeight: 400;
        --body-mozOsxFontSmoothing: grayscale;
        --body-webkitFontSmoothing: antialiased;
        --color-body-background: #ffffff;
        --color-body-contentColor: #323130;
        --color-brand-background: #0078d4;
        --color-brand-borderColor: transparent;
        --color-brand-checked-background: #005a9e;
        --color-brand-checked-contentColor: #ffffff;
        --color-brand-checked-iconColor: #ffffff;
        --color-brand-checkedHovered-background: #005a9e;
        --color-brand-checkedHovered-contentColor: #ffffff;
        --color-brand-checkedHovered-iconColor: #ffffff;
        --color-brand-contentColor: #ffffff;
        --color-brand-disabled-background: #f3f2f1;
        --color-brand-disabled-borderColor: #f3f2f1;
        --color-brand-disabled-contentColor: #a19f9d;
        --color-brand-disabled-dividerColor: #c8c6c4;
        --color-brand-disabled-iconColor: #a19f9d;
        --color-brand-disabled-secondaryContentColor: #a19f9d;
        --color-brand-dividerColor: #ffffff;
        --color-brand-focused-background: #0078d4;
        --color-brand-focused-borderColor: transparent;
        --color-brand-focused-contentColor: #ffffff;
        --color-brand-focused-iconColor: #ffffff;
        --color-brand-focused-secondaryContentColor: #ffffff;
        --color-brand-hovered-background: #106ebe;
        --color-brand-hovered-borderColor: transparent;
        --color-brand-hovered-contentColor: #ffffff;
        --color-brand-hovered-secondaryContentColor: #ffffff;
        --color-brand-iconColor: #ffffff;
        --color-brand-pressed-background: #005a9e;
        --color-brand-pressed-borderColor: transparent;
        --color-brand-pressed-contentColor: #ffffff;
        --color-brand-pressed-iconColor: #ffffff;
        --color-brand-pressed-secondaryContentColor: #ffffff;
        --color-brand-secondaryContentColor: #ffffff;
        --text-variant-body-fontSize: 14px;
        --text-variant-body-fontWeight: 400;
        --text-variant-body-lineHeight: 20px;
        --text-variant-caption-fontSize: 12px;
        --text-variant-caption-fontWeight: 400;
        --text-variant-caption-lineHeight: 14px;
        --text-variant-display-fontSize: 68px;
        --text-variant-display-fontWeight: 600;
        --text-variant-display-lineHeight: 92px;
        --text-variant-headline-fontSize: 20px;
        --text-variant-headline-fontWeight: 600;
        --text-variant-headline-lineHeight: 28px;
        --text-variant-largeTitle-fontSize: 40px;
        --text-variant-largeTitle-fontWeight: 600;
        --text-variant-largeTitle-lineHeight: 52px;
        --text-variant-subHeadline-fontSize: 16px;
        --text-variant-subHeadline-fontWeight: 600;
        --text-variant-subHeadline-lineHeight: 22px;
        --text-variant-title1-fontSize: 32px;
        --text-variant-title1-fontWeight: 600;
        --text-variant-title1-lineHeight: 40px;
        --text-variant-title2-fontSize: 28px;
        --text-variant-title2-fontWeight: 600;
        --text-variant-title2-lineHeight: 36px;
        --text-variant-title3-fontSize: 24px;
        --text-variant-title3-fontWeight: 600;
        --text-variant-title3-lineHeight: 32px;
      }
      {
        -moz-osx-font-smoothing: grayscale;
        -webkit-font-smoothing: antialiased;
        background: #ffffff;
        color: #323130;
        font-family: 'Segoe UI', 'Segoe UI Web (West European)', 'Segoe UI', -apple-system, BlinkMacSystemFont, 'Roboto', 'Helvetica Neue', sans-serif;
        font-size: 14px;
        font-weight: 400;
      }
>
  Hello
</div>
`;

exports[`ThemeProvider renders a div with styling 1`] = `
<div
  className=

      {
        --body-fontFamily: 'Segoe UI', 'Segoe UI Web (West European)', 'Segoe UI', -apple-system, BlinkMacSystemFont, 'Roboto', 'Helvetica Neue', sans-serif;
        --body-fontSize: 14px;
        --body-fontWeight: 400;
        --body-mozOsxFontSmoothing: grayscale;
        --body-webkitFontSmoothing: antialiased;
        --color-body-background: white;
        --color-body-contentColor: black;
        --color-brand-background: #0078d4;
        --color-brand-borderColor: transparent;
        --color-brand-checked-background: #005a9e;
        --color-brand-checked-contentColor: #ffffff;
        --color-brand-checked-iconColor: #ffffff;
        --color-brand-checkedHovered-background: #005a9e;
        --color-brand-checkedHovered-contentColor: #ffffff;
        --color-brand-checkedHovered-iconColor: #ffffff;
        --color-brand-contentColor: #ffffff;
        --color-brand-disabled-background: #f3f2f1;
        --color-brand-disabled-borderColor: #f3f2f1;
        --color-brand-disabled-contentColor: #a19f9d;
        --color-brand-disabled-dividerColor: #c8c6c4;
        --color-brand-disabled-iconColor: #a19f9d;
        --color-brand-disabled-secondaryContentColor: #a19f9d;
        --color-brand-dividerColor: #ffffff;
        --color-brand-focused-background: #0078d4;
        --color-brand-focused-borderColor: transparent;
        --color-brand-focused-contentColor: #ffffff;
        --color-brand-focused-iconColor: #ffffff;
        --color-brand-focused-secondaryContentColor: #ffffff;
        --color-brand-hovered-background: #106ebe;
        --color-brand-hovered-borderColor: transparent;
        --color-brand-hovered-contentColor: #ffffff;
        --color-brand-hovered-secondaryContentColor: #ffffff;
        --color-brand-iconColor: #ffffff;
        --color-brand-pressed-background: #005a9e;
        --color-brand-pressed-borderColor: transparent;
        --color-brand-pressed-contentColor: #ffffff;
        --color-brand-pressed-iconColor: #ffffff;
        --color-brand-pressed-secondaryContentColor: #ffffff;
        --color-brand-secondaryContentColor: #ffffff;
        --text-variant-body-fontSize: 14px;
        --text-variant-body-fontWeight: 400;
        --text-variant-body-lineHeight: 20px;
        --text-variant-caption-fontSize: 12px;
        --text-variant-caption-fontWeight: 400;
        --text-variant-caption-lineHeight: 14px;
        --text-variant-display-fontSize: 68px;
        --text-variant-display-fontWeight: 600;
        --text-variant-display-lineHeight: 92px;
        --text-variant-headline-fontSize: 20px;
        --text-variant-headline-fontWeight: 600;
        --text-variant-headline-lineHeight: 28px;
        --text-variant-largeTitle-fontSize: 40px;
        --text-variant-largeTitle-fontWeight: 600;
        --text-variant-largeTitle-lineHeight: 52px;
        --text-variant-subHeadline-fontSize: 16px;
        --text-variant-subHeadline-fontWeight: 600;
        --text-variant-subHeadline-lineHeight: 22px;
        --text-variant-title1-fontSize: 32px;
        --text-variant-title1-fontWeight: 600;
        --text-variant-title1-lineHeight: 40px;
        --text-variant-title2-fontSize: 28px;
        --text-variant-title2-fontWeight: 600;
        --text-variant-title2-lineHeight: 36px;
        --text-variant-title3-fontSize: 24px;
        --text-variant-title3-fontWeight: 600;
        --text-variant-title3-lineHeight: 32px;
      }
      {
        -moz-osx-font-smoothing: grayscale;
        -webkit-font-smoothing: antialiased;
        background: white;
        color: black;
        font-family: 'Segoe UI', 'Segoe UI Web (West European)', 'Segoe UI', -apple-system, BlinkMacSystemFont, 'Roboto', 'Helvetica Neue', sans-serif;
        font-size: 14px;
        font-weight: 400;
      }
>
  Hello
</div>
`;

exports[`ThemeProvider renders nested themes 1`] = `
<div
  className=

      {
        --body-fontFamily: 'Segoe UI', 'Segoe UI Web (West European)', 'Segoe UI', -apple-system, BlinkMacSystemFont, 'Roboto', 'Helvetica Neue', sans-serif;
        --body-fontSize: 14px;
        --body-fontWeight: 400;
        --body-mozOsxFontSmoothing: grayscale;
        --body-webkitFontSmoothing: antialiased;
        --color-body-background: white;
        --color-body-contentColor: black;
        --color-brand-background: #0078d4;
        --color-brand-borderColor: transparent;
        --color-brand-checked-background: #005a9e;
        --color-brand-checked-contentColor: #ffffff;
        --color-brand-checked-iconColor: #ffffff;
        --color-brand-checkedHovered-background: #005a9e;
        --color-brand-checkedHovered-contentColor: #ffffff;
        --color-brand-checkedHovered-iconColor: #ffffff;
        --color-brand-contentColor: #ffffff;
        --color-brand-disabled-background: #f3f2f1;
        --color-brand-disabled-borderColor: #f3f2f1;
        --color-brand-disabled-contentColor: #a19f9d;
        --color-brand-disabled-dividerColor: #c8c6c4;
        --color-brand-disabled-iconColor: #a19f9d;
        --color-brand-disabled-secondaryContentColor: #a19f9d;
        --color-brand-dividerColor: #ffffff;
        --color-brand-focused-background: #0078d4;
        --color-brand-focused-borderColor: transparent;
        --color-brand-focused-contentColor: #ffffff;
        --color-brand-focused-iconColor: #ffffff;
        --color-brand-focused-secondaryContentColor: #ffffff;
        --color-brand-hovered-background: #106ebe;
        --color-brand-hovered-borderColor: transparent;
        --color-brand-hovered-contentColor: #ffffff;
        --color-brand-hovered-secondaryContentColor: #ffffff;
        --color-brand-iconColor: #ffffff;
        --color-brand-pressed-background: #005a9e;
        --color-brand-pressed-borderColor: transparent;
        --color-brand-pressed-contentColor: #ffffff;
        --color-brand-pressed-iconColor: #ffffff;
        --color-brand-pressed-secondaryContentColor: #ffffff;
        --color-brand-secondaryContentColor: #ffffff;
        --text-variant-body-fontSize: 14px;
        --text-variant-body-fontWeight: 400;
        --text-variant-body-lineHeight: 20px;
        --text-variant-caption-fontSize: 12px;
        --text-variant-caption-fontWeight: 400;
        --text-variant-caption-lineHeight: 14px;
        --text-variant-display-fontSize: 68px;
        --text-variant-display-fontWeight: 600;
        --text-variant-display-lineHeight: 92px;
        --text-variant-headline-fontSize: 20px;
        --text-variant-headline-fontWeight: 600;
        --text-variant-headline-lineHeight: 28px;
        --text-variant-largeTitle-fontSize: 40px;
        --text-variant-largeTitle-fontWeight: 600;
        --text-variant-largeTitle-lineHeight: 52px;
        --text-variant-subHeadline-fontSize: 16px;
        --text-variant-subHeadline-fontWeight: 600;
        --text-variant-subHeadline-lineHeight: 22px;
        --text-variant-title1-fontSize: 32px;
        --text-variant-title1-fontWeight: 600;
        --text-variant-title1-lineHeight: 40px;
        --text-variant-title2-fontSize: 28px;
        --text-variant-title2-fontWeight: 600;
        --text-variant-title2-lineHeight: 36px;
        --text-variant-title3-fontSize: 24px;
        --text-variant-title3-fontWeight: 600;
        --text-variant-title3-lineHeight: 32px;
      }
      {
        -moz-osx-font-smoothing: grayscale;
        -webkit-font-smoothing: antialiased;
        background: white;
        color: black;
        font-family: 'Segoe UI', 'Segoe UI Web (West European)', 'Segoe UI', -apple-system, BlinkMacSystemFont, 'Roboto', 'Helvetica Neue', sans-serif;
        font-size: 14px;
        font-weight: 400;
      }
>
  <div>
    Light theme
  </div>
  <div
    className=

        {
          --body-fontFamily: 'Segoe UI', 'Segoe UI Web (West European)', 'Segoe UI', -apple-system, BlinkMacSystemFont, 'Roboto', 'Helvetica Neue', sans-serif;
          --body-fontSize: 14px;
          --body-fontWeight: 400;
          --body-mozOsxFontSmoothing: grayscale;
          --body-webkitFontSmoothing: antialiased;
          --color-body-background: black;
          --color-body-contentColor: white;
          --color-brand-background: #0078d4;
          --color-brand-borderColor: transparent;
          --color-brand-checked-background: #005a9e;
          --color-brand-checked-contentColor: #ffffff;
          --color-brand-checked-iconColor: #ffffff;
          --color-brand-checkedHovered-background: #005a9e;
          --color-brand-checkedHovered-contentColor: #ffffff;
          --color-brand-checkedHovered-iconColor: #ffffff;
          --color-brand-contentColor: #ffffff;
          --color-brand-disabled-background: #f3f2f1;
          --color-brand-disabled-borderColor: #f3f2f1;
          --color-brand-disabled-contentColor: #a19f9d;
          --color-brand-disabled-dividerColor: #c8c6c4;
          --color-brand-disabled-iconColor: #a19f9d;
          --color-brand-disabled-secondaryContentColor: #a19f9d;
          --color-brand-dividerColor: #ffffff;
          --color-brand-focused-background: #0078d4;
          --color-brand-focused-borderColor: transparent;
          --color-brand-focused-contentColor: #ffffff;
          --color-brand-focused-iconColor: #ffffff;
          --color-brand-focused-secondaryContentColor: #ffffff;
          --color-brand-hovered-background: #106ebe;
          --color-brand-hovered-borderColor: transparent;
          --color-brand-hovered-contentColor: #ffffff;
          --color-brand-hovered-secondaryContentColor: #ffffff;
          --color-brand-iconColor: #ffffff;
          --color-brand-pressed-background: #005a9e;
          --color-brand-pressed-borderColor: transparent;
          --color-brand-pressed-contentColor: #ffffff;
          --color-brand-pressed-iconColor: #ffffff;
          --color-brand-pressed-secondaryContentColor: #ffffff;
          --color-brand-secondaryContentColor: #ffffff;
          --text-variant-body-fontSize: 14px;
          --text-variant-body-fontWeight: 400;
          --text-variant-body-lineHeight: 20px;
          --text-variant-caption-fontSize: 12px;
          --text-variant-caption-fontWeight: 400;
          --text-variant-caption-lineHeight: 14px;
          --text-variant-display-fontSize: 68px;
          --text-variant-display-fontWeight: 600;
          --text-variant-display-lineHeight: 92px;
          --text-variant-headline-fontSize: 20px;
          --text-variant-headline-fontWeight: 600;
          --text-variant-headline-lineHeight: 28px;
          --text-variant-largeTitle-fontSize: 40px;
          --text-variant-largeTitle-fontWeight: 600;
          --text-variant-largeTitle-lineHeight: 52px;
          --text-variant-subHeadline-fontSize: 16px;
          --text-variant-subHeadline-fontWeight: 600;
          --text-variant-subHeadline-lineHeight: 22px;
          --text-variant-title1-fontSize: 32px;
          --text-variant-title1-fontWeight: 600;
          --text-variant-title1-lineHeight: 40px;
          --text-variant-title2-fontSize: 28px;
          --text-variant-title2-fontWeight: 600;
          --text-variant-title2-lineHeight: 36px;
          --text-variant-title3-fontSize: 24px;
          --text-variant-title3-fontWeight: 600;
          --text-variant-title3-lineHeight: 32px;
        }
        {
          -moz-osx-font-smoothing: grayscale;
          -webkit-font-smoothing: antialiased;
          background: black;
          color: white;
          font-family: 'Segoe UI', 'Segoe UI Web (West European)', 'Segoe UI', -apple-system, BlinkMacSystemFont, 'Roboto', 'Helvetica Neue', sans-serif;
          font-size: 14px;
          font-weight: 400;
        }
  >
    <div>
      Dark theme
    </div>
  </div>
</div>
`;
